// Jest Snapshot v1, https://goo.gl/fbAQLP

exports[`Testing App Makes sure App is the same with the snapshot 1`] = `
Array [
  <h3>
    Let's do some math!
  </h3>,
  <div
    className="parent"
  >
    <div
      className="display"
    >
      0
    </div>
    <div
      className="container"
    >
      <div
        className="key keyWidthGeneral #e1e1e1"
        onClick={[Function]}
        style={
          Object {
            "backgroundColor": "#e1e1e1",
            "flexBasis": "25%",
          }
        }
      >
        AC
      </div>
      <div
        className="key keyWidthGeneral #e1e1e1"
        onClick={[Function]}
        style={
          Object {
            "backgroundColor": "#e1e1e1",
            "flexBasis": "25%",
          }
        }
      >
        +/-
      </div>
      <div
        className="key keyWidthGeneral #e1e1e1"
        onClick={[Function]}
        style={
          Object {
            "backgroundColor": "#e1e1e1",
            "flexBasis": "25%",
          }
        }
      >
        %
      </div>
      <div
        className="key keyWidthGeneral #f5933d"
        onClick={[Function]}
        style={
          Object {
            "backgroundColor": "#f5933d",
            "flexBasis": "25%",
          }
        }
      >
        /
      </div>
      <div
        className="key keyWidthGeneral #e1e1e1"
        onClick={[Function]}
        style={
          Object {
            "backgroundColor": "#e1e1e1",
            "flexBasis": "25%",
          }
        }
      >
        7
      </div>
      <div
        className="key keyWidthGeneral #e1e1e1"
        onClick={[Function]}
        style={
          Object {
            "backgroundColor": "#e1e1e1",
            "flexBasis": "25%",
          }
        }
      >
        8
      </div>
      <div
        className="key keyWidthGeneral #e1e1e1"
        onClick={[Function]}
        style={
          Object {
            "backgroundColor": "#e1e1e1",
            "flexBasis": "25%",
          }
        }
      >
        9
      </div>
      <div
        className="key keyWidthGeneral #f5933d"
        onClick={[Function]}
        style={
          Object {
            "backgroundColor": "#f5933d",
            "flexBasis": "25%",
          }
        }
      >
        x
      </div>
      <div
        className="key keyWidthGeneral #e1e1e1"
        onClick={[Function]}
        style={
          Object {
            "backgroundColor": "#e1e1e1",
            "flexBasis": "25%",
          }
        }
      >
        4
      </div>
      <div
        className="key keyWidthGeneral #e1e1e1"
        onClick={[Function]}
        style={
          Object {
            "backgroundColor": "#e1e1e1",
            "flexBasis": "25%",
          }
        }
      >
        5
      </div>
      <div
        className="key keyWidthGeneral #e1e1e1"
        onClick={[Function]}
        style={
          Object {
            "backgroundColor": "#e1e1e1",
            "flexBasis": "25%",
          }
        }
      >
        6
      </div>
      <div
        className="key keyWidthGeneral #f5933d"
        onClick={[Function]}
        style={
          Object {
            "backgroundColor": "#f5933d",
            "flexBasis": "25%",
          }
        }
      >
        -
      </div>
      <div
        className="key keyWidthGeneral #e1e1e1"
        onClick={[Function]}
        style={
          Object {
            "backgroundColor": "#e1e1e1",
            "flexBasis": "25%",
          }
        }
      >
        1
      </div>
      <div
        className="key keyWidthGeneral #e1e1e1"
        onClick={[Function]}
        style={
          Object {
            "backgroundColor": "#e1e1e1",
            "flexBasis": "25%",
          }
        }
      >
        2
      </div>
      <div
        className="key keyWidthGeneral #e1e1e1"
        onClick={[Function]}
        style={
          Object {
            "backgroundColor": "#e1e1e1",
            "flexBasis": "25%",
          }
        }
      >
        3
      </div>
      <div
        className="key keyWidthGeneral #f5933d"
        onClick={[Function]}
        style={
          Object {
            "backgroundColor": "#f5933d",
            "flexBasis": "25%",
          }
        }
      >
        +
      </div>
      <div
        className="key keyWidthSpecial #e1e1e1"
        onClick={[Function]}
        style={
          Object {
            "backgroundColor": "#e1e1e1",
            "flexBasis": "50%",
          }
        }
      >
        0
      </div>
      <div
        className="key keyWidthGeneral #e1e1e1"
        onClick={[Function]}
        style={
          Object {
            "backgroundColor": "#e1e1e1",
            "flexBasis": "25%",
          }
        }
      >
        .
      </div>
      <div
        className="key keyWidthGeneral #f5933d"
        onClick={[Function]}
        style={
          Object {
            "backgroundColor": "#f5933d",
            "flexBasis": "25%",
          }
        }
      >
        =
      </div>
    </div>
  </div>,
]
`;
